
> itinerarygravity@0.1.0 build
> next build

Ôû▓ Next.js 16.1.6 (Turbopack)
- Environments: .env.local
- Experiments (use with caution):
  Ô£ô externalDir

  Creating an optimized production build ...
Ô£ô Compiled successfully in 11.2s
  Running TypeScript ...
  Collecting page data using 7 workers ...
node.exe : ÔÜá Using edge 
runtime on a page currently 
disables static generation 
for that page
At line:1 char:1
+ & "C:\Program 
Files\nodejs/node.exe" "C:\U
sers\imran\AppData\Roaming\ 
...
+ ~~~~~~~~~~~~~~~~~~~~~~~~~~
~~~~~~~~~~~~~~~~~~~~~~~~~~~~
~~~~~~~~~~~~~~~
    + CategoryInfo          
    : NotSpe    cified: 
(ÔÜá Usi    ng edge ...n 
for     that page:Strin    
g) [], RemoteExc    eption
    + FullyQualified    
ErrorId : Native    
CommandError
 
  Generating static pages using 7 workers (0/38) ...
Supabase Client Init: {
  hasUrl: true,
  hasKey: true,
  urlPreview: 'https://yjsowslzsxvarxmprejt.s...',
  keyPreview: 'eyJhbGciOiJIUzI1NiIs...',
  envKeys: [
    'NEXT_PUBLIC_SUPABASE_ANON_KEY',
    'NEXT_PUBLIC_SUPABASE_URL',
    'SUPABASE_SERVICE_ROLE_KEY'
  ]
}
Supabase Client Init: {
  hasUrl: true,
  hasKey: true,
  urlPreview: 'https://yjsowslzsxvarxmprejt.s...',
  keyPreview: 'eyJhbGciOiJIUzI1NiIs...',
  envKeys: [
    'NEXT_PUBLIC_SUPABASE_ANON_KEY',
    'NEXT_PUBLIC_SUPABASE_URL',
    'SUPABASE_SERVICE_ROLE_KEY'
  ]
}
Supabase Client Init: {
  hasUrl: true,
  hasKey: true,
  urlPreview: 'https://yjsowslzsxvarxmprejt.s...',
  keyPreview: 'eyJhbGciOiJIUzI1NiIs...',
  envKeys: [
    'NEXT_PUBLIC_SUPABASE_ANON_KEY',
    'NEXT_PUBLIC_SUPABASE_URL',
    'SUPABASE_SERVICE_ROLE_KEY'
  ]
}
Supabase Client Init: {
  hasUrl: true,
  hasKey: true,
  urlPreview: 'https://yjsowslzsxvarxmprejt.s...',
  keyPreview: 'eyJhbGciOiJIUzI1NiIs...',
  envKeys: [
    'NEXT_PUBLIC_SUPABASE_ANON_KEY',
    'NEXT_PUBLIC_SUPABASE_URL',
    'SUPABASE_SERVICE_ROLE_KEY'
  ]
}
Supabase Client Init: {
  hasUrl: true,
  hasKey: true,
  urlPreview: 'https://yjsowslzsxvarxmprejt.s...',
  keyPreview: 'eyJhbGciOiJIUzI1NiIs...',
  envKeys: [
    'NEXT_PUBLIC_SUPABASE_ANON_KEY',
    'NEXT_PUBLIC_SUPABASE_URL',
    'SUPABASE_SERVICE_ROLE_KEY'
  ]
}
Supabase Client Init: {
  hasUrl: true,
  hasKey: true,
  urlPreview: 'https://yjsowslzsxvarxmprejt.s...',
  keyPreview: 'eyJhbGciOiJIUzI1NiIs...',
  envKeys: [
    'NEXT_PUBLIC_SUPABASE_ANON_KEY',
    'NEXT_PUBLIC_SUPABASE_URL',
    'SUPABASE_SERVICE_ROLE_KEY'
  ]
}
  Generating static pages using 7 workers (9/38) 
Supabase Client Init: {
  hasUrl: true,
  hasKey: true,
  urlPreview: 'https://yjsowslzsxvarxmprejt.s...',
  keyPreview: 'eyJhbGciOiJIUzI1NiIs...',
  envKeys: [
    'NEXT_PUBLIC_SUPABASE_ANON_KEY',
    'NEXT_PUBLIC_SUPABASE_URL',
    'SUPABASE_SERVICE_ROLE_KEY'
  ]
}
Supabase Client Init: {
  hasUrl: true,
  hasKey: true,
  urlPreview: 'https://yjsowslzsxvarxmprejt.s...',
  keyPreview: 'eyJhbGciOiJIUzI1NiIs...',
  envKeys: [
    'NEXT_PUBLIC_SUPABASE_ANON_KEY',
    'NEXT_PUBLIC_SUPABASE_URL',
    'SUPABASE_SERVICE_ROLE_KEY'
  ]
}
Supabase Client Init: {
  hasUrl: true,
  hasKey: true,
  urlPreview: 'https://yjsowslzsxvarxmprejt.s...',
  keyPreview: 'eyJhbGciOiJIUzI1NiIs...',
  envKeys: [
    'NEXT_PUBLIC_SUPABASE_ANON_KEY',
    'NEXT_PUBLIC_SUPABASE_URL',
    'SUPABASE_SERVICE_ROLE_KEY'
  ]
}
Supabase Client Init: {
  hasUrl: true,
  hasKey: true,
  urlPreview: 'https://yjsowslzsxvarxmprejt.s...',
  keyPreview: 'eyJhbGciOiJIUzI1NiIs...',
  envKeys: [
    'NEXT_PUBLIC_SUPABASE_ANON_KEY',
    'NEXT_PUBLIC_SUPABASE_URL',
    'SUPABASE_SERVICE_ROLE_KEY'
  ]
}
Supabase Client Init: {
  hasUrl: true,
  hasKey: true,
  urlPreview: 'https://yjsowslzsxvarxmprejt.s...',
  keyPreview: 'eyJhbGciOiJIUzI1NiIs...',
  envKeys: [
    'NEXT_PUBLIC_SUPABASE_ANON_KEY',
    'NEXT_PUBLIC_SUPABASE_URL',
    'SUPABASE_SERVICE_ROLE_KEY'
  ]
}
Supabase Client Init: {
  hasUrl: true,
  hasKey: true,
  urlPreview: 'https://yjsowslzsxvarxmprejt.s...',
  keyPreview: 'eyJhbGciOiJIUzI1NiIs...',
  envKeys: [
Error occurred prerendering 
page "/dashboard/influencer/
create". Read more: https://
nextjs.org/docs/messages/pre
render-error
    'NEXT_PUBLIC_SUPABASE_ANON_KEY',
    'NEXT_PUBLIC_SUPABASE_URL',
    'SUPABASE_SERVICE_ROLE_KEY'
  ]
}
Supabase Client Init: {
  hasUrl: true,
  hasKey: true,
  urlPreview: 'https://yjsowslzsxvarxmprejt.s...',
  keyPreview: 'eyJhbGciOiJIUzI1NiIs...',
  envKeys: [
    'NEXT_PUBLIC_SUPABASE_ANON_KEY',
    'NEXT_PUBLIC_SUPABASE_URL',
    'SUPABASE_SERVICE_ROLE_KEY'
  ]
}
Supabase Client Init: {
  hasUrl: true,
  hasKey: true,
  urlPreview: 'https://yjsowslzsxvarxmprejt.s...',
  keyPreview: 'eyJhbGciOiJIUzI1NiIs...',
  envKeys: [
    'NEXT_PUBLIC_SUPABASE_ANON_KEY',
    'NEXT_PUBLIC_SUPABASE_URL',
    'SUPABASE_SERVICE_ROLE_KEY'
  ]
}
Supabase Client Init: {
  hasUrl: true,
  hasKey: true,
  urlPreview: 'https://yjsowslzsxvarxmprejt.s...',
  keyPreview: 'eyJhbGciOiJIUzI1NiIs...',
  envKeys: [
    'NEXT_PUBLIC_SUPABASE_ANON_KEY',
    'NEXT_PUBLIC_SUPABASE_URL',
    'SUPABASE_SERVICE_ROLE_KEY'
  ]
}
Supabase Client Init: {
  hasUrl: true,
  hasKey: true,
  urlPreview: 'https://yjsowslzsxvarxmprejt.s...',
  keyPreview: 'eyJhbGciOiJIUzI1NiIs...',
  envKeys: [
    'NEXT_PUBLIC_SUPABASE_ANON_KEY',
    'NEXT_PUBLIC_SUPABASE_URL',
    'SUPABASE_SERVICE_ROLE_KEY'
  ]
}
Supabase Client Init: {
  hasUrl: true,
  hasKey: true,
  urlPreview: 'https://yjsowslzsxvarxmprejt.s...',
  keyPreview: 'eyJhbGciOiJIUzI1NiIs...',
  envKeys: [
    'NEXT_PUBLIC_SUPABASE_ANON_KEY',
    'NEXT_PUBLIC_SUPABASE_URL',
    'SUPABASE_SERVICE_ROLE_KEY'
  ]
}
Supabase Client Init: {
  hasUrl: true,
  hasKey: true,
  urlPreview: 'https://yjsowslzsxvarxmprejt.s...',
  keyPreview: 'eyJhbGciOiJIUzI1NiIs...',
  envKeys: [
    'NEXT_PUBLIC_SUPABASE_ANON_KEY',
    'NEXT_PUBLIC_SUPABASE_URL',
    'SUPABASE_SERVICE_ROLE_KEY'
  ]
}
Supabase Client Init: {
  hasUrl: true,
  hasKey: true,
  urlPreview: 'https://yjsowslzsxvarxmprejt.s...',
  keyPreview: 'eyJhbGciOiJIUzI1NiIs...',
  envKeys: [
    'NEXT_PUBLIC_SUPABASE_ANON_KEY',
    'NEXT_PUBLIC_SUPABASE_URL',
    'SUPABASE_SERVICE_ROLE_KEY'
  ]
}
ReferenceError: document is 
not defined
    at module evaluation (C:
\Users\imran\OneDrive\Docume
nts\itinerarygravity\.next\s
erver\chunks\ssr\src_app_das
hboard_influencer_create_pag
e_tsx_da6c2a83._.js:1:140432
)
    at instantiateModule (C:
\Users\imran\OneDrive\Docume
nts\itinerarygravity\.next\s
erver\chunks\ssr\[turbopack]
_runtime.js:740:9)
    at getOrInstantiateModul
eFromParent (C:\Users\imran\
OneDrive\Documents\itinerary
gravity\.next\server\chunks\
ssr\[turbopack]_runtime.js:7
63:12)
    at 
Context.commonJsRequire [as 
r] (C:\Users\imran\OneDrive\
Documents\itinerarygravity\.
next\server\chunks\ssr\[turb
opack]_runtime.js:249:12) {
  digest: '1095631649'
}
Export encountered an error 
on /dashboard/influencer/cre
ate/page: /dashboard/influen
cer/create, exiting the 
build.
Supabase Client Init: {
  hasUrl: true,
  hasKey: true,
  urlPreview: 'https://yjsowslzsxvarxmprejt.s...',
  keyPreview: 'eyJhbGciOiJIUzI1NiIs...',
  envKeys: [
    'NEXT_PUBLIC_SUPABASE_ANON_KEY',
    'NEXT_PUBLIC_SUPABASE_URL',
    'SUPABASE_SERVICE_ROLE_KEY'
  ]
}
Supabase Client Init: {
  hasUrl: true,
  hasKey: true,
  urlPreview: 'https://yjsowslzsxvarxmprejt.s...',
  keyPreview: 'eyJhbGciOiJIUzI1NiIs...',
  envKeys: [
    'NEXT_PUBLIC_SUPABASE_ANON_KEY',
    'NEXT_PUBLIC_SUPABASE_URL',
    'SUPABASE_SERVICE_ROLE_KEY'
  ]
}
Ô¿» Next.js build worker 
exited with code: 1 and 
signal: null
